// Jest Snapshot v1, https://jestjs.io/docs/snapshot-testing

exports[`Population Forecasting API (e2e) POST /api/v1/dashboard/final-data returns dashboard payload 1`] = `
{
  "generatedAt": "sanitized",
  "heatmap": [
    {
      "changePercent": 1.74,
      "density": 12724.44,
      "population": 12724437,
      "regionId": "region-1",
      "regionName": "Москва",
      "score": 1.74,
    },
    {
      "changePercent": 5.23,
      "density": 7813.67,
      "population": 7813667,
      "regionId": "region-2",
      "regionName": "Московская область",
      "score": 5.23,
    },
    {
      "changePercent": 1.31,
      "density": 5677.03,
      "population": 5677025,
      "regionId": "region-3",
      "regionName": "Краснодарский край",
      "score": 1.31,
    },
    {
      "changePercent": 0.35,
      "density": 5370.67,
      "population": 5370665,
      "regionId": "region-4",
      "regionName": "Санкт-Петербург",
      "score": 0.35,
    },
    {
      "changePercent": -2.21,
      "density": 4127.28,
      "population": 4127276,
      "regionId": "region-5",
      "regionName": "Ростовская область",
      "score": -2.21,
    },
    {
      "changePercent": -2,
      "density": 4095.67,
      "population": 4095666,
      "regionId": "region-6",
      "regionName": "Свердловская область",
      "score": -2,
    },
    {
      "changePercent": -1.85,
      "density": 3972.93,
      "population": 3972930,
      "regionId": "region-7",
      "regionName": "Республика Башкортостан",
      "score": -1.85,
    },
    {
      "changePercent": -0.15,
      "density": 3888.36,
      "population": 3888355,
      "regionId": "region-8",
      "regionName": "Республика Татарстан",
      "score": -0.15,
    },
    {
      "changePercent": 3.74,
      "density": 3830.59,
      "population": 3830588,
      "regionId": "region-9",
      "regionName": "Тюменская область",
      "score": 3.74,
    },
    {
      "changePercent": -2.63,
      "density": 3232.23,
      "population": 3232234,
      "regionId": "region-10",
      "regionName": "Челябинская область",
      "score": -2.63,
    },
    {
      "changePercent": -100,
      "density": 0,
      "population": 0,
      "regionId": "region-11",
      "regionName": "Республика Дагестан",
      "score": -100,
    },
    {
      "changePercent": -2.6,
      "density": 3110.5,
      "population": 3110498,
      "regionId": "region-12",
      "regionName": "Самарская область",
      "score": -2.6,
    },
    {
      "changePercent": -3.77,
      "density": 3021.08,
      "population": 3021075,
      "regionId": "region-13",
      "regionName": "Нижегородская область",
      "score": -3.77,
    },
    {
      "changePercent": -0.41,
      "density": 2777.44,
      "population": 2777441,
      "regionId": "region-14",
      "regionName": "Новосибирская область",
      "score": -0.41,
    },
    {
      "changePercent": -1.11,
      "density": 2769.45,
      "population": 2769452,
      "regionId": "region-15",
      "regionName": "Ставропольский край",
      "score": -1.11,
    },
    {
      "changePercent": -1.16,
      "density": 2679.99,
      "population": 2679987,
      "regionId": "region-16",
      "regionName": "Красноярский край",
      "score": -1.16,
    },
    {
      "changePercent": -4.23,
      "density": 2580.8,
      "population": 2580805,
      "regionId": "region-17",
      "regionName": "Кемеровская область",
      "score": -4.23,
    },
    {
      "changePercent": -3.18,
      "density": 2530.64,
      "population": 2530636,
      "regionId": "region-18",
      "regionName": "Пермский край",
      "score": -3.18,
    },
    {
      "changePercent": -3.72,
      "density": 2427.43,
      "population": 2427434,
      "regionId": "region-19",
      "regionName": "Волгоградская область",
      "score": -3.72,
    },
    {
      "changePercent": -2.74,
      "density": 2338.41,
      "population": 2338411,
      "regionId": "region-20",
      "regionName": "Иркутская область",
      "score": -2.74,
    },
    {
      "changePercent": -5.19,
      "density": 2335.21,
      "population": 2335214,
      "regionId": "region-21",
      "regionName": "Саратовская область",
      "score": -5.19,
    },
    {
      "changePercent": -2.71,
      "density": 2270.63,
      "population": 2270633,
      "regionId": "region-22",
      "regionName": "Воронежская область",
      "score": -2.71,
    },
    {
      "changePercent": -4.54,
      "density": 2231.89,
      "population": 2231892,
      "regionId": "region-23",
      "regionName": "Алтайский край",
      "score": -4.54,
    },
    {
      "changePercent": 6.38,
      "density": 1929.54,
      "population": 1929538,
      "regionId": "region-24",
      "regionName": "Ленинградская область",
      "score": 6.38,
    },
    {
      "changePercent": -3.42,
      "density": 1903.23,
      "population": 1903226,
      "regionId": "region-25",
      "regionName": "Оренбургская область",
      "score": -3.42,
    },
    {
      "changePercent": -5.07,
      "density": 1860.68,
      "population": 1860678,
      "regionId": "region-26",
      "regionName": "Омская область",
      "score": -5.07,
    },
    {
      "changePercent": -3.72,
      "density": 1841.84,
      "population": 1841837,
      "regionId": "region-27",
      "regionName": "Приморский край",
      "score": -3.72,
    },
    {
      "changePercent": 0.59,
      "density": 1700,
      "population": 1700000,
      "regionId": "region-28",
      "regionName": "Ханты-Мансийский автономный округ — Югра",
      "score": 0.59,
    },
    {
      "changePercent": 6.82,
      "density": 1534.98,
      "population": 1534979,
      "regionId": "region-29",
      "regionName": "Чеченская Республика",
      "score": 6.82,
    },
    {
      "changePercent": -2.55,
      "density": 1510.35,
      "population": 1510354,
      "regionId": "region-30",
      "regionName": "Белгородская область",
      "score": -2.55,
    },
    {
      "changePercent": -2.32,
      "density": 1477.93,
      "population": 1477931,
      "regionId": "region-31",
      "regionName": "Удмуртская Республика",
      "score": -2.32,
    },
    {
      "changePercent": -4.98,
      "density": 1417.63,
      "population": 1417627,
      "regionId": "region-32",
      "regionName": "Тульская область",
      "score": -4.98,
    },
    {
      "changePercent": -2.82,
      "density": 1290.83,
      "population": 1290828,
      "regionId": "region-33",
      "regionName": "Хабаровский край",
      "score": -2.82,
    },
    {
      "changePercent": -5.22,
      "density": 1288.9,
      "population": 1288895,
      "regionId": "region-34",
      "regionName": "Владимирская область",
      "score": -5.22,
    },
    {
      "changePercent": -4.63,
      "density": 1223.84,
      "population": 1223844,
      "regionId": "region-35",
      "regionName": "Кировская область",
      "score": -4.63,
    },
    {
      "changePercent": -3.89,
      "density": 1216.47,
      "population": 1216467,
      "regionId": "region-36",
      "regionName": "Ярославская область",
      "score": -3.89,
    },
    {
      "changePercent": -5.4,
      "density": 1202.53,
      "population": 1202529,
      "regionId": "region-37",
      "regionName": "Тверская область",
      "score": -5.4,
    },
    {
      "changePercent": -5.71,
      "density": 1194.15,
      "population": 1194154,
      "regionId": "region-38",
      "regionName": "Пензенская область",
      "score": -5.71,
    },
    {
      "changePercent": -4.27,
      "density": 1193.39,
      "population": 1193388,
      "regionId": "region-39",
      "regionName": "Ульяновская область",
      "score": -4.27,
    },
    {
      "changePercent": -3.52,
      "density": 1187.77,
      "population": 1187769,
      "regionId": "region-40",
      "regionName": "Чувашская Республика",
      "score": -3.52,
    },
    {
      "changePercent": -4.45,
      "density": 1157.09,
      "population": 1157086,
      "regionId": "region-41",
      "regionName": "Брянская область",
      "score": -4.45,
    },
    {
      "changePercent": -3.97,
      "density": 1129.95,
      "population": 1129945,
      "regionId": "region-42",
      "regionName": "Вологодская область",
      "score": -3.97,
    },
    {
      "changePercent": -4.2,
      "density": 1101.92,
      "population": 1101922,
      "regionId": "region-43",
      "regionName": "Липецкая область",
      "score": -4.2,
    },
    {
      "changePercent": -4.09,
      "density": 1075.6,
      "population": 1075599,
      "regionId": "region-44",
      "regionName": "Рязанская область",
      "score": -4.09,
    },
    {
      "changePercent": -3.82,
      "density": 1072.63,
      "population": 1072627,
      "regionId": "region-45",
      "regionName": "Курская область",
      "score": -3.82,
    },
    {
      "changePercent": -4.68,
      "density": 1070.71,
      "population": 1070715,
      "regionId": "region-46",
      "regionName": "Архангельская область",
      "score": -4.68,
    },
    {
      "changePercent": -3.48,
      "density": 1035.5,
      "population": 1035501,
      "regionId": "region-47",
      "regionName": "Забайкальский край",
      "score": -3.48,
    },
    {
      "changePercent": 3.5,
      "density": 1029.45,
      "population": 1029453,
      "regionId": "region-48",
      "regionName": "Калининградская область",
      "score": 3.5,
    },
    {
      "changePercent": -0.16,
      "density": 1010.56,
      "population": 1010560,
      "regionId": "region-49",
      "regionName": "Калужская область",
      "score": -0.16,
    },
    {
      "changePercent": -0.52,
      "density": 979.36,
      "population": 979358,
      "regionId": "region-50",
      "regionName": "Республика Бурятия",
      "score": -0.52,
    },
    {
      "changePercent": -6.33,
      "density": 968.15,
      "population": 968153,
      "regionId": "region-51",
      "regionName": "Тамбовская область",
      "score": -6.33,
    },
    {
      "changePercent": -4.63,
      "density": 967.62,
      "population": 967618,
      "regionId": "region-52",
      "regionName": "Ивановская область",
      "score": -4.63,
    },
    {
      "changePercent": -3.37,
      "density": 957.22,
      "population": 957218,
      "regionId": "region-53",
      "regionName": "Астраханская область",
      "score": -3.37,
    },
    {
      "changePercent": -1.83,
      "density": 946.84,
      "population": 946840,
      "regionId": "region-54",
      "regionName": "Томская область",
      "score": -1.83,
    },
    {
      "changePercent": -5.62,
      "density": 896,
      "population": 895997,
      "regionId": "region-55",
      "regionName": "Смоленская область",
      "score": -5.62,
    },
    {
      "changePercent": 0.42,
      "density": 869.44,
      "population": 869437,
      "regionId": "region-56",
      "regionName": "Кабардино-Балкарская Республика",
      "score": 0.42,
    },
    {
      "changePercent": -5.38,
      "density": 795.63,
      "population": 795628,
      "regionId": "region-57",
      "regionName": "Республика Коми",
      "score": -5.38,
    },
    {
      "changePercent": -6,
      "density": 794.83,
      "population": 794825,
      "regionId": "region-58",
      "regionName": "Курганская область",
      "score": -6,
    },
    {
      "changePercent": -5.52,
      "density": 760.64,
      "population": 760638,
      "regionId": "region-59",
      "regionName": "Республика Мордовия",
      "score": -5.52,
    },
    {
      "changePercent": -4.29,
      "density": 758.2,
      "population": 758197,
      "regionId": "region-60",
      "regionName": "Амурская область",
      "score": -4.29,
    },
    {
      "changePercent": -5.73,
      "density": 704.46,
      "population": 704455,
      "regionId": "region-61",
      "regionName": "Орловская область",
      "score": -5.73,
    },
    {
      "changePercent": -2.59,
      "density": 683.48,
      "population": 683484,
      "regionId": "region-62",
      "regionName": "Республика Северная Осетия — Алания",
      "score": -2.59,
    },
    {
      "changePercent": -2.18,
      "density": 667.43,
      "population": 667425,
      "regionId": "region-63",
      "regionName": "Республика Марий Эл",
      "score": -2.18,
    },
    {
      "changePercent": -35.61,
      "density": 620.98,
      "population": 620979,
      "regionId": "region-64",
      "regionName": "Республика Саха (Якутия)",
      "score": -35.61,
    },
    {
      "changePercent": -4.44,
      "density": 614.77,
      "population": 614771,
      "regionId": "region-65",
      "regionName": "Костромская область",
      "score": -4.44,
    },
    {
      "changePercent": -5.06,
      "density": 604.34,
      "population": 604341,
      "regionId": "region-66",
      "regionName": "Псковская область",
      "score": -5.06,
    },
    {
      "changePercent": -3.83,
      "density": 598.62,
      "population": 598619,
      "regionId": "region-67",
      "regionName": "Республика Карелия",
      "score": -3.83,
    },
    {
      "changePercent": -6.06,
      "density": 582.24,
      "population": 582240,
      "regionId": "region-68",
      "regionName": "Мурманская область",
      "score": -6.06,
    },
    {
      "changePercent": -4.27,
      "density": 580.59,
      "population": 580587,
      "regionId": "region-69",
      "regionName": "Новгородская область",
      "score": -4.27,
    },
    {
      "changePercent": 2.21,
      "density": 554,
      "population": 554000,
      "regionId": "region-70",
      "regionName": "Ямало-Ненецкий автономный округ",
      "score": 2.21,
    },
    {
      "changePercent": 8.97,
      "density": 531.83,
      "population": 531826,
      "regionId": "region-71",
      "regionName": "Республика Ингушетия",
      "score": 8.97,
    },
    {
      "changePercent": -2.22,
      "density": 525.6,
      "population": 525595,
      "regionId": "region-72",
      "regionName": "Республика Хакасия",
      "score": -2.22,
    },
    {
      "changePercent": -2.32,
      "density": 478.79,
      "population": 478788,
      "regionId": "region-73",
      "regionName": "Сахалинская область",
      "score": -2.32,
    },
    {
      "changePercent": 3.24,
      "density": 468.08,
      "population": 468083,
      "regionId": "region-74",
      "regionName": "Республика Адыгея",
      "score": 3.24,
    },
    {
      "changePercent": -0.58,
      "density": 463.6,
      "population": 463603,
      "regionId": "region-75",
      "regionName": "Карачаево-Черкесская Республика",
      "score": -0.58,
    },
    {
      "changePercent": 3.7,
      "density": 333.64,
      "population": 333635,
      "regionId": "region-76",
      "regionName": "Республика Тыва",
      "score": 3.7,
    },
    {
      "changePercent": -2.32,
      "density": 286.78,
      "population": 286778,
      "regionId": "region-77",
      "regionName": "Камчатский край",
      "score": -2.32,
    },
    {
      "changePercent": -3.46,
      "density": 265.88,
      "population": 265879,
      "regionId": "region-78",
      "regionName": "Республика Калмыкия",
      "score": -3.46,
    },
    {
      "changePercent": 1.59,
      "density": 221.53,
      "population": 221530,
      "regionId": "region-79",
      "regionName": "Республика Алтай",
      "score": 1.59,
    },
    {
      "changePercent": -6.34,
      "density": 151.74,
      "population": 151741,
      "regionId": "region-80",
      "regionName": "Еврейская АО",
      "score": -6.34,
    },
    {
      "changePercent": -5.45,
      "density": 136.23,
      "population": 136232,
      "regionId": "region-81",
      "regionName": "Магаданская область",
      "score": -5.45,
    },
    {
      "changePercent": 1.26,
      "density": 49.97,
      "population": 49974,
      "regionId": "region-82",
      "regionName": "Чукотский АО",
      "score": 1.26,
    },
    {
      "changePercent": 0.68,
      "density": 44.3,
      "population": 44300,
      "regionId": "region-83",
      "regionName": "Ненецкий автономный округ",
      "score": 0.68,
    },
  ],
  "requestId": "sanitized",
  "selectedEntity": {
    "demography": [
      {
        "birthRate": 11.28,
        "deathRate": 9.63,
        "migrationRate": 9.04,
        "naturalGrowth": 1.65,
        "year": 2013,
      },
      {
        "birthRate": 11.29,
        "deathRate": 9.67,
        "migrationRate": 5.73,
        "naturalGrowth": 1.62,
        "year": 2014,
      },
      {
        "birthRate": 11.6,
        "deathRate": 9.94,
        "migrationRate": 9.15,
        "naturalGrowth": 1.66,
        "year": 2015,
      },
      {
        "birthRate": 11.76,
        "deathRate": 10.02,
        "migrationRate": 2.35,
        "naturalGrowth": 1.74,
        "year": 2016,
      },
      {
        "birthRate": 10.74,
        "deathRate": 9.55,
        "migrationRate": 8.92,
        "naturalGrowth": 1.19,
        "year": 2017,
      },
      {
        "birthRate": 10.52,
        "deathRate": 9.72,
        "migrationRate": 7.86,
        "naturalGrowth": 0.8,
        "year": 2018,
      },
      {
        "birthRate": 10.72,
        "deathRate": 9.52,
        "migrationRate": 3.76,
        "naturalGrowth": 1.2,
        "year": 2019,
      },
      {
        "birthRate": 9.91,
        "deathRate": 11.86,
        "migrationRate": 0.13,
        "naturalGrowth": -1.95,
        "year": 2020,
      },
      {
        "birthRate": 10.26,
        "deathRate": 13.62,
        "migrationRate": 1.81,
        "naturalGrowth": -3.36,
        "year": 2021,
      },
      {
        "birthRate": 9.72,
        "deathRate": 10.01,
        "migrationRate": 7.3,
        "naturalGrowth": -0.29,
        "year": 2022,
      },
      {
        "birthRate": null,
        "deathRate": null,
        "migrationRate": null,
        "naturalGrowth": null,
        "year": 2023,
      },
    ],
    "forecast": [
      {
        "lower": 12646143,
        "population": 12756938,
        "upper": 12867734,
        "year": 2024,
      },
      {
        "lower": 12640411,
        "population": 12797100,
        "upper": 12953788,
        "year": 2025,
      },
      {
        "lower": 12645357,
        "population": 12837261,
        "upper": 13029164,
        "year": 2026,
      },
      {
        "lower": 12655831,
        "population": 12877422,
        "upper": 13099013,
        "year": 2027,
      },
      {
        "lower": 12669837,
        "population": 12917583,
        "upper": 13165329,
        "year": 2028,
      },
    ],
    "history": [
      {
        "population": 11979529,
        "year": 2013,
      },
      {
        "population": 12108257,
        "year": 2014,
      },
      {
        "population": 12197596,
        "year": 2015,
      },
      {
        "population": 12330126,
        "year": 2016,
      },
      {
        "population": 12380664,
        "year": 2017,
      },
      {
        "population": 12506468,
        "year": 2018,
      },
      {
        "population": 12615279,
        "year": 2019,
      },
      {
        "population": 12678079,
        "year": 2020,
      },
      {
        "population": 12655050,
        "year": 2021,
      },
      {
        "population": 12635466,
        "year": 2022,
      },
      {
        "population": 12724437,
        "year": 2023,
      },
    ],
    "profile": {
      "entityId": "region-1",
      "level": "region",
      "name": "Москва",
      "subjectName": "Москва",
    },
  },
  "summary": {
    "avgBirthRate": 14.07,
    "avgDeathRate": 6.7,
    "avgMigrationRate": 2.6,
    "avgNaturalGrowth": 7.37,
    "growingRegionsCount": 17,
    "periodChangePercent": -3.67,
    "totalPopulation": 140326547,
  },
  "table": {
    "page": 1,
    "pageSize": 20,
    "rows": [
      {
        "birthRate": null,
        "changePercent": 1.74,
        "deathRate": null,
        "entityId": "region-1-mo-1",
        "migrationRate": null,
        "municipalityType": "urban_okrug",
        "name": "Москва",
        "naturalGrowth": null,
        "population": 12724437,
        "subjectName": "Москва",
      },
      {
        "birthRate": null,
        "changePercent": 0.35,
        "deathRate": null,
        "entityId": "region-4-mo-1",
        "migrationRate": null,
        "municipalityType": "urban_okrug",
        "name": "Санкт-Петербург",
        "naturalGrowth": null,
        "population": 5370665,
        "subjectName": "Санкт-Петербург",
      },
      {
        "birthRate": null,
        "changePercent": 0.5,
        "deathRate": null,
        "entityId": "region-14-mo-1",
        "migrationRate": null,
        "municipalityType": "urban_okrug",
        "name": "город Новосибирск",
        "naturalGrowth": null,
        "population": 1620830,
        "subjectName": "Новосибирская область",
      },
      {
        "birthRate": null,
        "changePercent": 1.1,
        "deathRate": null,
        "entityId": "region-6-mo-1",
        "migrationRate": null,
        "municipalityType": "urban_okrug",
        "name": "муниципальное образование город Екатеринбург",
        "naturalGrowth": null,
        "population": 1518214,
        "subjectName": "Свердловская область",
      },
      {
        "birthRate": null,
        "changePercent": -2.78,
        "deathRate": null,
        "entityId": "region-13-mo-1",
        "migrationRate": null,
        "municipalityType": "urban_okrug",
        "name": "город Нижний Новгород и Богородский МО",
        "naturalGrowth": null,
        "population": 1299761,
        "subjectName": "Нижегородская область",
      },
      {
        "birthRate": null,
        "changePercent": 1.71,
        "deathRate": null,
        "entityId": "region-8-mo-1",
        "migrationRate": null,
        "municipalityType": "urban_okrug",
        "name": "город Казань",
        "naturalGrowth": null,
        "population": 1264820,
        "subjectName": "Республика Татарстан",
      },
      {
        "birthRate": null,
        "changePercent": -2.2,
        "deathRate": null,
        "entityId": "region-10-mo-1",
        "migrationRate": null,
        "municipalityType": "urban_okrug",
        "name": "Челябинский (ГО)",
        "naturalGrowth": null,
        "population": 1175932,
        "subjectName": "Челябинская область",
      },
      {
        "birthRate": null,
        "changePercent": 1.87,
        "deathRate": null,
        "entityId": "region-7-mo-1",
        "migrationRate": null,
        "municipalityType": "urban_okrug",
        "name": "город Уфа",
        "naturalGrowth": null,
        "population": 1152557,
        "subjectName": "Республика Башкортостан",
      },
      {
        "birthRate": null,
        "changePercent": -2.86,
        "deathRate": null,
        "entityId": "region-12-mo-1",
        "migrationRate": null,
        "municipalityType": "urban_okrug",
        "name": "Самара",
        "naturalGrowth": null,
        "population": 1130123,
        "subjectName": "Самарская область",
      },
      {
        "birthRate": null,
        "changePercent": -0.11,
        "deathRate": null,
        "entityId": "region-5-mo-1",
        "migrationRate": null,
        "municipalityType": "urban_okrug",
        "name": "город Ростов-на-Дону",
        "naturalGrowth": null,
        "population": 1129097,
        "subjectName": "Ростовская область",
      },
      {
        "birthRate": null,
        "changePercent": -4.81,
        "deathRate": null,
        "entityId": "region-26-mo-1",
        "migrationRate": null,
        "municipalityType": "urban_okrug",
        "name": "город Омск",
        "naturalGrowth": null,
        "population": 1115710,
        "subjectName": "Омская область",
      },
      {
        "birthRate": null,
        "changePercent": 1.48,
        "deathRate": null,
        "entityId": "region-16-mo-1",
        "migrationRate": null,
        "municipalityType": "urban_okrug",
        "name": "город Красноярск",
        "naturalGrowth": null,
        "population": 1107759,
        "subjectName": "Красноярский край",
      },
      {
        "birthRate": null,
        "changePercent": 8.97,
        "deathRate": null,
        "entityId": "region-3-mo-1",
        "migrationRate": null,
        "municipalityType": "urban_okrug",
        "name": "город Краснодар",
        "naturalGrowth": null,
        "population": 1079001,
        "subjectName": "Краснодарский край",
      },
      {
        "birthRate": null,
        "changePercent": -0.39,
        "deathRate": null,
        "entityId": "region-22-mo-1",
        "migrationRate": null,
        "municipalityType": "urban_okrug",
        "name": "город Воронеж",
        "naturalGrowth": null,
        "population": 1043474,
        "subjectName": "Воронежская область",
      },
      {
        "birthRate": null,
        "changePercent": -1.33,
        "deathRate": null,
        "entityId": "region-18-mo-1",
        "migrationRate": null,
        "municipalityType": "urban_okrug",
        "name": "город Пермь",
        "naturalGrowth": null,
        "population": 1037608,
        "subjectName": "Пермский край",
      },
      {
        "birthRate": null,
        "changePercent": -1.41,
        "deathRate": null,
        "entityId": "region-19-mo-1",
        "migrationRate": null,
        "municipalityType": "urban_okrug",
        "name": "город Волгоград",
        "naturalGrowth": null,
        "population": 999273,
        "subjectName": "Волгоградская область",
      },
      {
        "birthRate": null,
        "changePercent": 8.66,
        "deathRate": null,
        "entityId": "region-9-mo-1",
        "migrationRate": null,
        "municipalityType": "urban_okrug",
        "name": "город Тюмень",
        "naturalGrowth": null,
        "population": 834894,
        "subjectName": "Тюменская область",
      },
      {
        "birthRate": null,
        "changePercent": -3.88,
        "deathRate": null,
        "entityId": "region-21-mo-1",
        "migrationRate": null,
        "municipalityType": "urban_okrug",
        "name": "город Саратов",
        "naturalGrowth": null,
        "population": 812113,
        "subjectName": "Саратовская область",
      },
      {
        "birthRate": null,
        "changePercent": -1.74,
        "deathRate": null,
        "entityId": "region-23-mo-1",
        "migrationRate": null,
        "municipalityType": "urban_okrug",
        "name": "город Барнаул",
        "naturalGrowth": null,
        "population": 684293,
        "subjectName": "Алтайский край",
      },
      {
        "birthRate": null,
        "changePercent": -4.1,
        "deathRate": null,
        "entityId": "region-12-mo-2",
        "migrationRate": null,
        "municipalityType": "urban_okrug",
        "name": "Тольятти",
        "naturalGrowth": null,
        "population": 678376,
        "subjectName": "Самарская область",
      },
    ],
    "total": 1667,
  },
  "tops": {
    "decline": [
      {
        "changePercent": -100,
        "entityId": "region-11-mo-1",
        "name": "город Махачкала",
        "population": 0,
      },
      {
        "changePercent": -100,
        "entityId": "region-11-mo-2",
        "name": "Хасавюртовский",
        "population": 0,
      },
      {
        "changePercent": -100,
        "entityId": "region-11-mo-3",
        "name": "город Хасавюрт",
        "population": 0,
      },
      {
        "changePercent": -100,
        "entityId": "region-11-mo-4",
        "name": "город Каспийск",
        "population": 0,
      },
      {
        "changePercent": -100,
        "entityId": "region-11-mo-5",
        "name": "город Дербент",
        "population": 0,
      },
      {
        "changePercent": -100,
        "entityId": "region-11-mo-6",
        "name": "Дербентский",
        "population": 0,
      },
      {
        "changePercent": -100,
        "entityId": "region-11-mo-7",
        "name": "Карабудахкентский",
        "population": 0,
      },
      {
        "changePercent": -100,
        "entityId": "region-11-mo-8",
        "name": "Буйнакский",
        "population": 0,
      },
      {
        "changePercent": -100,
        "entityId": "region-11-mo-9",
        "name": "Левашинский",
        "population": 0,
      },
      {
        "changePercent": -100,
        "entityId": "region-11-mo-10",
        "name": "Кизлярский",
        "population": 0,
      },
    ],
    "growth": [
      {
        "changePercent": 90.25,
        "entityId": "region-71-mo-7",
        "name": "город Магас",
        "population": 16687,
      },
      {
        "changePercent": 64.15,
        "entityId": "region-2-mo-15",
        "name": "Ленинский",
        "population": 210607,
      },
      {
        "changePercent": 52.08,
        "entityId": "region-8-mo-13",
        "name": "Пестречинский",
        "population": 55755,
      },
      {
        "changePercent": 50.35,
        "entityId": "region-24-mo-1",
        "name": "Всеволожский",
        "population": 533341,
      },
      {
        "changePercent": 39.08,
        "entityId": "region-8-mo-10",
        "name": "Лаишевский",
        "population": 59577,
      },
      {
        "changePercent": 32.53,
        "entityId": "region-12-mo-4",
        "name": "Волжский",
        "population": 131866,
      },
      {
        "changePercent": 27.74,
        "entityId": "region-71-mo-8",
        "name": "Джейрахский",
        "population": 3808,
      },
      {
        "changePercent": 25.85,
        "entityId": "region-2-mo-7",
        "name": "Мытищи",
        "population": 297258,
      },
      {
        "changePercent": 23.36,
        "entityId": "region-74-mo-2",
        "name": "Тахтамукайский",
        "population": 102274,
      },
      {
        "changePercent": 23.11,
        "entityId": "region-48-mo-11",
        "name": "Светлогорский",
        "population": 21962,
      },
    ],
  },
}
`;

exports[`Population Forecasting API (e2e) POST /api/v1/forecast/result returns forecast payload 1`] = `
{
  "entity": {
    "id": "region-1",
    "level": "region",
    "name": "Москва",
    "subjectId": "region-1",
  },
  "forecast": [
    {
      "lower": 12646143,
      "population": 12756938,
      "upper": 12867734,
      "year": 2024,
    },
    {
      "lower": 12640411,
      "population": 12797100,
      "upper": 12953788,
      "year": 2025,
    },
    {
      "lower": 12645357,
      "population": 12837261,
      "upper": 13029164,
      "year": 2026,
    },
    {
      "lower": 12655831,
      "population": 12877422,
      "upper": 13099013,
      "year": 2027,
    },
    {
      "lower": 12669837,
      "population": 12917583,
      "upper": 13165329,
      "year": 2028,
    },
  ],
  "history": [
    {
      "population": 11979529,
      "year": 2013,
    },
    {
      "population": 12108257,
      "year": 2014,
    },
    {
      "population": 12197596,
      "year": 2015,
    },
    {
      "population": 12330126,
      "year": 2016,
    },
    {
      "population": 12380664,
      "year": 2017,
    },
    {
      "population": 12506468,
      "year": 2018,
    },
    {
      "population": 12615279,
      "year": 2019,
    },
    {
      "population": 12678079,
      "year": 2020,
    },
    {
      "population": 12655050,
      "year": 2021,
    },
    {
      "population": 12635466,
      "year": 2022,
    },
    {
      "population": 12724437,
      "year": 2023,
    },
  ],
  "model": {
    "confidenceLevel": 0.95,
    "name": "holt-linear",
    "trainedFromYear": 2013,
    "trainedToYear": 2023,
  },
  "requestId": "sanitized",
}
`;
